// Jest Snapshot v1, https://goo.gl/fbAQLP

exports[`Episode renders an Episode 1`] = `
<div>
  <h3>
    My Episode
  </h3>
  <h4 />
  <Link
    replace={false}
    to="/episodes/1234"
  >
    Link
  </Link>
</div>
`;
